(---------------------------------------------------------------------)
(                                                                     )
(    Allegro Netrev Import Logic                                      )
(                                                                     )
(    Drawing          : SMA_fabB.brd                                  )
(    Software Version : 17.2S025                                      )
(    Date/Time        : Thu Mar 15 19:38:26 2018                      )
(                                                                     )
(---------------------------------------------------------------------)


------ Directives ------------

Ripup etch:                  No
Ripup delete first segment:  No
Ripup retain bondwire:       No
Ripup symbols:               Always
Missing symbol has error:    No
DRC update:                  Yes
Schematic directory:         'C:/Users/Zain's Surface/Documents/GitHub/SEA/Cadence/SMA_fabB_min/layout/allegro'
Design Directory:            'C:/Users/Zain's Surface/Documents/GitHub/SEA/Cadence/SMA_fabB_min/layout'
Old design name:             'C:/Users/Zain's Surface/Documents/GitHub/SEA/Cadence/SMA_fabB_min/layout/SMA_fabB.brd'
New design name:             'C:/Users/Zain's Surface/Documents/GitHub/SEA/Cadence/SMA_fabB_min/layout/SMA_fabB.brd'

CmdLine: netrev -$ -i C:/Users/Zain's Surface/Documents/GitHub/SEA/Cadence/SMA_fabB_min/layout/allegro -y 1 -h -q netrev_constraint_report.xml C:/Users/Zain's Surface/Documents/GitHub/SEA/Cadence/SMA_fabB_min/layout/#Taaaabm03856.tmp

------ Preparing to read pst files ------

Starting to read C:/Users/Zain's Surface/Documents/GitHub/SEA/Cadence/SMA_fabB_min/layout/allegro/pstchip.dat 
   Finished reading C:/Users/Zain's Surface/Documents/GitHub/SEA/Cadence/SMA_fabB_min/layout/allegro/pstchip.dat (00:00:00.25)
Starting to read C:/Users/Zain's Surface/Documents/GitHub/SEA/Cadence/SMA_fabB_min/layout/allegro/pstxprt.dat 
   Finished reading C:/Users/Zain's Surface/Documents/GitHub/SEA/Cadence/SMA_fabB_min/layout/allegro/pstxprt.dat (00:00:00.00)
Starting to read C:/Users/Zain's Surface/Documents/GitHub/SEA/Cadence/SMA_fabB_min/layout/allegro/pstxnet.dat 
   Finished reading C:/Users/Zain's Surface/Documents/GitHub/SEA/Cadence/SMA_fabB_min/layout/allegro/pstxnet.dat (00:00:00.01)

------ Oversights/Warnings/Errors ------


#1   WARNING(SPMHNI-192): Device/Symbol check warning detected. [help]

WARNING(SPMHNI-194): Symbol 'B00JVJDEZE' used by RefDes U5 for device 'B00JVJDEZE_B00JVJDEZE_B00JVJDEZ' not found in PSMPATH or must be "dbdoctor"ed.

------ Library Paths ------
MODULEPATH =  . 
           C:/Cadence/SPB_17.2/share/local/pcb/modules 

PSMPATH =  C:/Users/Zains Surface/Documents/GitHub/SEA/Cadence/SMA_fabB/pcb_lib/symbols 
           . 
           symbols 
           .. 
           ../symbols 
           C:/Cadence/SPB_17.2/share/local/pcb/symbols 
           C:/Cadence/SPB_17.2/share/pcb/pcb_lib/symbols 
           C:/Cadence/SPB_17.2/share/pcb/allegrolib/symbols 

PADPATH =  C:/Users/Zains Surface/Documents/GitHub/SEA/Cadence/SMA_fabB/pcb_lib/symbols 
           . 
           symbols 
           .. 
           ../symbols 
           C:/Cadence/SPB_17.2/share/local/pcb/padstacks 
           C:/Cadence/SPB_17.2/share/pcb/pcb_lib/symbols 
           C:/Cadence/SPB_17.2/share/pcb/allegrolib/symbols 


------ Summary Statistics ------


netrev run on Mar 15 19:38:26 2018
   DESIGN NAME : 'SEA_FABB_MIN'
   PACKAGING ON Jul 30 2017 03:29:02

   COMPILE 'logic'
   CHECK_PIN_NAMES OFF
   CROSS_REFERENCE OFF
   FEEDBACK OFF
   INCREMENTAL OFF
   INTERFACE_TYPE PHYSICAL
   MAX_ERRORS 500
   MERGE_MINIMUM 5
   NET_NAME_CHARS '#%&()*+-./:=>?@[]^_`|'
   NET_NAME_LENGTH 24
   OVERSIGHTS ON
   REPLACE_CHECK OFF
   SINGLE_NODE_NETS ON
   SPLIT_MINIMUM 0
   SUPPRESS   20
   WARNINGS ON

 No error detected
 No oversight detected
  1 warnings detected

cpu time      0:02:46
elapsed time  0:00:01

